// Jest Snapshot v1, https://goo.gl/fbAQLP

exports[`<Button/> Rendering 1`] = `
<button
  className="someclass btn"
  type="button"
>
  <p>
    Hello
  </p>
</button>
`;
