// Jest Snapshot v1, https://goo.gl/fbAQLP

exports[`<Button/> Rendering 1`] = `
<div
  className="container"
>
  <a
    aria-label="Open in new tab"
    href="https://example.com"
    target="_blank"
  >
    Hello
  </a>
</div>
`;
